
> hotel-logbook@0.0.0 build
> tsc -b && vite build

src/components/dashboard/UpdateCard.tsx(87,22): error TS7053: Element implicitly has an 'any' type because expression of type 'any' can't be used to index type '{ supervisor: { label: string; borderColor: string; }; hr: { label: string; borderColor: string; }; gm: { label: string; borderColor: string; }; staff: { label: string; borderColor: string; }; }'.
src/components/ui/select.tsx(8,3): error TS2339: Property 'modal' does not exist on type 'SelectSharedProps & { value?: string | undefined; defaultValue?: string | undefined; onValueChange?(value: string): void; }'.
src/components/ui/select.tsx(11,51): error TS2322: Type '{ children?: ReactNode; open?: boolean | undefined; defaultOpen?: boolean | undefined; onOpenChange?(open: boolean): void; dir?: Direction | undefined; name?: string | undefined; ... 8 more ...; modal: any; }' is not assignable to type 'IntrinsicAttributes & SelectSharedProps & { value?: string | undefined; defaultValue?: string | undefined; onValueChange?(value: string): void; }'.
  Property 'modal' does not exist on type 'IntrinsicAttributes & SelectSharedProps & { value?: string | undefined; defaultValue?: string | undefined; onValueChange?(value: string): void; }'.
src/pages/dashboard/GMDashboard.tsx(19,10): error TS6133: 'buildIssuesQuery' is declared but its value is never read.
src/pages/dashboard/HrDashboard.tsx(17,10): error TS6133: 'buildIssuesQuery' is declared but its value is never read.
src/pages/performance/PerformancePage.tsx(4,1): error TS6133: 'Badge' is declared but its value is never read.
src/pages/performance/PerformancePage.tsx(7,25): error TS6196: 'Department' is declared but never used.
src/pages/performance/PerformancePage.tsx(17,7): error TS6133: 'PRIORITY_COLORS' is declared but its value is never read.
src/pages/performance/PerformancePage.tsx(43,19): error TS6133: 'error' is declared but its value is never read.
src/routes/admin.tsx(20,1): error TS6133: 'Separator' is declared but its value is never read.
src/routes/announcements/new.tsx(55,5): error TS2322: Type 'Resolver<{ type: "hr" | "staff" | "gm" | "department"; title: string; body: string; category: string; priority: string; department?: string | undefined; target_staff_id?: string | undefined; is_pinned?: boolean | undefined; }, any, { ...; }>' is not assignable to type 'Resolver<{ type: "hr" | "staff" | "gm" | "department"; title: string; body: string; category: string; priority: string; is_pinned: boolean; department?: string | undefined; target_staff_id?: string | undefined; }, any, { ...; }>'.
  Types of parameters 'options' and 'options' are incompatible.
    Type 'ResolverOptions<{ type: "hr" | "staff" | "gm" | "department"; title: string; body: string; category: string; priority: string; is_pinned: boolean; department?: string | undefined; target_staff_id?: string | undefined; }>' is not assignable to type 'ResolverOptions<{ type: "hr" | "staff" | "gm" | "department"; title: string; body: string; category: string; priority: string; department?: string | undefined; target_staff_id?: string | undefined; is_pinned?: boolean | undefined; }>'.
      Type 'boolean | undefined' is not assignable to type 'boolean'.
        Type 'undefined' is not assignable to type 'boolean'.
src/routes/announcements/new.tsx(69,10): error TS6133: 'loadingStaff' is declared but its value is never read.
src/routes/announcements/new.tsx(86,56): error TS6133: 'control' is declared but its value is never read.
src/routes/announcements/new.tsx(147,7): error TS2322: Type 'string' is not assignable to type 'EntityType'.
src/routes/announcements/new.tsx(206,45): error TS2345: Argument of type '(values: { type: "hr" | "staff" | "gm" | "department"; title: string; body: string; category: string; priority: string; is_pinned: boolean; department?: string | undefined; target_staff_id?: string | undefined; }) => Promise<...>' is not assignable to parameter of type 'SubmitHandler<TFieldValues>'.
  Types of parameters 'values' and 'data' are incompatible.
    Type 'TFieldValues' is not assignable to type '{ type: "hr" | "staff" | "gm" | "department"; title: string; body: string; category: string; priority: string; is_pinned: boolean; department?: string | undefined; target_staff_id?: string | undefined; }'.
      Type 'FieldValues' is missing the following properties from type '{ type: "hr" | "staff" | "gm" | "department"; title: string; body: string; category: string; priority: string; is_pinned: boolean; department?: string | undefined; target_staff_id?: string | undefined; }': type, title, body, category, and 2 more.
src/routes/announcements/new.tsx(211,17): error TS2322: Type 'Control<{ type: "hr" | "staff" | "gm" | "department"; title: string; body: string; category: string; priority: string; is_pinned: boolean; department?: string | undefined; target_staff_id?: string | undefined; }, any, TFieldValues>' is not assignable to type 'Control<{ type: "hr" | "staff" | "gm" | "department"; title: string; body: string; category: string; priority: string; is_pinned: boolean; department?: string | undefined; target_staff_id?: string | undefined; }, any, { ...; }>'.
  The types of '_options.resolver' are incompatible between these types.
    Type 'Resolver<{ type: "hr" | "staff" | "gm" | "department"; title: string; body: string; category: string; priority: string; is_pinned: boolean; department?: string | undefined; target_staff_id?: string | undefined; }, any, TFieldValues> | undefined' is not assignable to type 'Resolver<{ type: "hr" | "staff" | "gm" | "department"; title: string; body: string; category: string; priority: string; is_pinned: boolean; department?: string | undefined; target_staff_id?: string | undefined; }, any, { ...; }> | undefined'.
      Type 'Resolver<{ type: "hr" | "staff" | "gm" | "department"; title: string; body: string; category: string; priority: string; is_pinned: boolean; department?: string | undefined; target_staff_id?: string | undefined; }, any, TFieldValues>' is not assignable to type 'Resolver<{ type: "hr" | "staff" | "gm" | "department"; title: string; body: string; category: string; priority: string; is_pinned: boolean; department?: string | undefined; target_staff_id?: string | undefined; }, any, { ...; }>'.
        Type 'ResolverResult<{ type: "hr" | "staff" | "gm" | "department"; title: string; body: string; category: string; priority: string; is_pinned: boolean; department?: string | undefined; target_staff_id?: string | undefined; }, TFieldValues> | Promise<...>' is not assignable to type 'ResolverResult<{ type: "hr" | "staff" | "gm" | "department"; title: string; body: string; category: string; priority: string; is_pinned: boolean; department?: string | undefined; target_staff_id?: string | undefined; }, { ...; }> | Promise<...>'.
          Type 'ResolverSuccess<TFieldValues>' is not assignable to type 'ResolverResult<{ type: "hr" | "staff" | "gm" | "department"; title: string; body: string; category: string; priority: string; is_pinned: boolean; department?: string | undefined; target_staff_id?: string | undefined; }, { ...; }> | Promise<...>'.
            Type 'ResolverSuccess<TFieldValues>' is not assignable to type 'ResolverSuccess<{ type: "hr" | "staff" | "gm" | "department"; title: string; body: string; category: string; priority: string; is_pinned: boolean; department?: string | undefined; target_staff_id?: string | undefined; }>'.
              Type 'TFieldValues' is not assignable to type '{ type: "hr" | "staff" | "gm" | "department"; title: string; body: string; category: string; priority: string; is_pinned: boolean; department?: string | undefined; target_staff_id?: string | undefined; }'.
                Type 'FieldValues' is missing the following properties from type '{ type: "hr" | "staff" | "gm" | "department"; title: string; body: string; category: string; priority: string; is_pinned: boolean; department?: string | undefined; target_staff_id?: string | undefined; }': type, title, body, category, and 2 more.
src/routes/announcements/new.tsx(242,19): error TS2322: Type 'Control<{ type: "hr" | "staff" | "gm" | "department"; title: string; body: string; category: string; priority: string; is_pinned: boolean; department?: string | undefined; target_staff_id?: string | undefined; }, any, TFieldValues>' is not assignable to type 'Control<{ type: "hr" | "staff" | "gm" | "department"; title: string; body: string; category: string; priority: string; is_pinned: boolean; department?: string | undefined; target_staff_id?: string | undefined; }, any, { ...; }>'.
  The types of '_options.resolver' are incompatible between these types.
    Type 'Resolver<{ type: "hr" | "staff" | "gm" | "department"; title: string; body: string; category: string; priority: string; is_pinned: boolean; department?: string | undefined; target_staff_id?: string | undefined; }, any, TFieldValues> | undefined' is not assignable to type 'Resolver<{ type: "hr" | "staff" | "gm" | "department"; title: string; body: string; category: string; priority: string; is_pinned: boolean; department?: string | undefined; target_staff_id?: string | undefined; }, any, { ...; }> | undefined'.
      Type 'Resolver<{ type: "hr" | "staff" | "gm" | "department"; title: string; body: string; category: string; priority: string; is_pinned: boolean; department?: string | undefined; target_staff_id?: string | undefined; }, any, TFieldValues>' is not assignable to type 'Resolver<{ type: "hr" | "staff" | "gm" | "department"; title: string; body: string; category: string; priority: string; is_pinned: boolean; department?: string | undefined; target_staff_id?: string | undefined; }, any, { ...; }>'.
        Type 'ResolverResult<{ type: "hr" | "staff" | "gm" | "department"; title: string; body: string; category: string; priority: string; is_pinned: boolean; department?: string | undefined; target_staff_id?: string | undefined; }, TFieldValues> | Promise<...>' is not assignable to type 'ResolverResult<{ type: "hr" | "staff" | "gm" | "department"; title: string; body: string; category: string; priority: string; is_pinned: boolean; department?: string | undefined; target_staff_id?: string | undefined; }, { ...; }> | Promise<...>'.
          Type 'ResolverSuccess<TFieldValues>' is not assignable to type 'ResolverResult<{ type: "hr" | "staff" | "gm" | "department"; title: string; body: string; category: string; priority: string; is_pinned: boolean; department?: string | undefined; target_staff_id?: string | undefined; }, { ...; }> | Promise<...>'.
            Type 'ResolverSuccess<TFieldValues>' is not assignable to type 'ResolverSuccess<{ type: "hr" | "staff" | "gm" | "department"; title: string; body: string; category: string; priority: string; is_pinned: boolean; department?: string | undefined; target_staff_id?: string | undefined; }>'.
              Type 'TFieldValues' is not assignable to type '{ type: "hr" | "staff" | "gm" | "department"; title: string; body: string; category: string; priority: string; is_pinned: boolean; department?: string | undefined; target_staff_id?: string | undefined; }'.
                Type 'FieldValues' is missing the following properties from type '{ type: "hr" | "staff" | "gm" | "department"; title: string; body: string; category: string; priority: string; is_pinned: boolean; department?: string | undefined; target_staff_id?: string | undefined; }': type, title, body, category, and 2 more.
src/routes/announcements/new.tsx(266,21): error TS2322: Type 'Control<{ type: "hr" | "staff" | "gm" | "department"; title: string; body: string; category: string; priority: string; is_pinned: boolean; department?: string | undefined; target_staff_id?: string | undefined; }, any, TFieldValues>' is not assignable to type 'Control<{ type: "hr" | "staff" | "gm" | "department"; title: string; body: string; category: string; priority: string; is_pinned: boolean; department?: string | undefined; target_staff_id?: string | undefined; }, any, { ...; }>'.
  The types of '_options.resolver' are incompatible between these types.
    Type 'Resolver<{ type: "hr" | "staff" | "gm" | "department"; title: string; body: string; category: string; priority: string; is_pinned: boolean; department?: string | undefined; target_staff_id?: string | undefined; }, any, TFieldValues> | undefined' is not assignable to type 'Resolver<{ type: "hr" | "staff" | "gm" | "department"; title: string; body: string; category: string; priority: string; is_pinned: boolean; department?: string | undefined; target_staff_id?: string | undefined; }, any, { ...; }> | undefined'.
      Type 'Resolver<{ type: "hr" | "staff" | "gm" | "department"; title: string; body: string; category: string; priority: string; is_pinned: boolean; department?: string | undefined; target_staff_id?: string | undefined; }, any, TFieldValues>' is not assignable to type 'Resolver<{ type: "hr" | "staff" | "gm" | "department"; title: string; body: string; category: string; priority: string; is_pinned: boolean; department?: string | undefined; target_staff_id?: string | undefined; }, any, { ...; }>'.
        Type 'ResolverResult<{ type: "hr" | "staff" | "gm" | "department"; title: string; body: string; category: string; priority: string; is_pinned: boolean; department?: string | undefined; target_staff_id?: string | undefined; }, TFieldValues> | Promise<...>' is not assignable to type 'ResolverResult<{ type: "hr" | "staff" | "gm" | "department"; title: string; body: string; category: string; priority: string; is_pinned: boolean; department?: string | undefined; target_staff_id?: string | undefined; }, { ...; }> | Promise<...>'.
          Type 'ResolverSuccess<TFieldValues>' is not assignable to type 'ResolverResult<{ type: "hr" | "staff" | "gm" | "department"; title: string; body: string; category: string; priority: string; is_pinned: boolean; department?: string | undefined; target_staff_id?: string | undefined; }, { ...; }> | Promise<...>'.
            Type 'ResolverSuccess<TFieldValues>' is not assignable to type 'ResolverSuccess<{ type: "hr" | "staff" | "gm" | "department"; title: string; body: string; category: string; priority: string; is_pinned: boolean; department?: string | undefined; target_staff_id?: string | undefined; }>'.
              Type 'TFieldValues' is not assignable to type '{ type: "hr" | "staff" | "gm" | "department"; title: string; body: string; category: string; priority: string; is_pinned: boolean; department?: string | undefined; target_staff_id?: string | undefined; }'.
                Type 'FieldValues' is missing the following properties from type '{ type: "hr" | "staff" | "gm" | "department"; title: string; body: string; category: string; priority: string; is_pinned: boolean; department?: string | undefined; target_staff_id?: string | undefined; }': type, title, body, category, and 2 more.
src/routes/announcements/new.tsx(297,15): error TS2322: Type 'Control<{ type: "hr" | "staff" | "gm" | "department"; title: string; body: string; category: string; priority: string; is_pinned: boolean; department?: string | undefined; target_staff_id?: string | undefined; }, any, TFieldValues>' is not assignable to type 'Control<{ type: "hr" | "staff" | "gm" | "department"; title: string; body: string; category: string; priority: string; is_pinned: boolean; department?: string | undefined; target_staff_id?: string | undefined; }, any, { ...; }>'.
  The types of '_options.resolver' are incompatible between these types.
    Type 'Resolver<{ type: "hr" | "staff" | "gm" | "department"; title: string; body: string; category: string; priority: string; is_pinned: boolean; department?: string | undefined; target_staff_id?: string | undefined; }, any, TFieldValues> | undefined' is not assignable to type 'Resolver<{ type: "hr" | "staff" | "gm" | "department"; title: string; body: string; category: string; priority: string; is_pinned: boolean; department?: string | undefined; target_staff_id?: string | undefined; }, any, { ...; }> | undefined'.
      Type 'Resolver<{ type: "hr" | "staff" | "gm" | "department"; title: string; body: string; category: string; priority: string; is_pinned: boolean; department?: string | undefined; target_staff_id?: string | undefined; }, any, TFieldValues>' is not assignable to type 'Resolver<{ type: "hr" | "staff" | "gm" | "department"; title: string; body: string; category: string; priority: string; is_pinned: boolean; department?: string | undefined; target_staff_id?: string | undefined; }, any, { ...; }>'.
        Type 'ResolverResult<{ type: "hr" | "staff" | "gm" | "department"; title: string; body: string; category: string; priority: string; is_pinned: boolean; department?: string | undefined; target_staff_id?: string | undefined; }, TFieldValues> | Promise<...>' is not assignable to type 'ResolverResult<{ type: "hr" | "staff" | "gm" | "department"; title: string; body: string; category: string; priority: string; is_pinned: boolean; department?: string | undefined; target_staff_id?: string | undefined; }, { ...; }> | Promise<...>'.
          Type 'ResolverSuccess<TFieldValues>' is not assignable to type 'ResolverResult<{ type: "hr" | "staff" | "gm" | "department"; title: string; body: string; category: string; priority: string; is_pinned: boolean; department?: string | undefined; target_staff_id?: string | undefined; }, { ...; }> | Promise<...>'.
            Type 'ResolverSuccess<TFieldValues>' is not assignable to type 'ResolverSuccess<{ type: "hr" | "staff" | "gm" | "department"; title: string; body: string; category: string; priority: string; is_pinned: boolean; department?: string | undefined; target_staff_id?: string | undefined; }>'.
              Type 'TFieldValues' is not assignable to type '{ type: "hr" | "staff" | "gm" | "department"; title: string; body: string; category: string; priority: string; is_pinned: boolean; department?: string | undefined; target_staff_id?: string | undefined; }'.
                Type 'FieldValues' is missing the following properties from type '{ type: "hr" | "staff" | "gm" | "department"; title: string; body: string; category: string; priority: string; is_pinned: boolean; department?: string | undefined; target_staff_id?: string | undefined; }': type, title, body, category, and 2 more.
src/routes/announcements/new.tsx(316,17): error TS2322: Type 'Control<{ type: "hr" | "staff" | "gm" | "department"; title: string; body: string; category: string; priority: string; is_pinned: boolean; department?: string | undefined; target_staff_id?: string | undefined; }, any, TFieldValues>' is not assignable to type 'Control<{ type: "hr" | "staff" | "gm" | "department"; title: string; body: string; category: string; priority: string; is_pinned: boolean; department?: string | undefined; target_staff_id?: string | undefined; }, any, { ...; }>'.
  The types of '_options.resolver' are incompatible between these types.
    Type 'Resolver<{ type: "hr" | "staff" | "gm" | "department"; title: string; body: string; category: string; priority: string; is_pinned: boolean; department?: string | undefined; target_staff_id?: string | undefined; }, any, TFieldValues> | undefined' is not assignable to type 'Resolver<{ type: "hr" | "staff" | "gm" | "department"; title: string; body: string; category: string; priority: string; is_pinned: boolean; department?: string | undefined; target_staff_id?: string | undefined; }, any, { ...; }> | undefined'.
      Type 'Resolver<{ type: "hr" | "staff" | "gm" | "department"; title: string; body: string; category: string; priority: string; is_pinned: boolean; department?: string | undefined; target_staff_id?: string | undefined; }, any, TFieldValues>' is not assignable to type 'Resolver<{ type: "hr" | "staff" | "gm" | "department"; title: string; body: string; category: string; priority: string; is_pinned: boolean; department?: string | undefined; target_staff_id?: string | undefined; }, any, { ...; }>'.
        Type 'ResolverResult<{ type: "hr" | "staff" | "gm" | "department"; title: string; body: string; category: string; priority: string; is_pinned: boolean; department?: string | undefined; target_staff_id?: string | undefined; }, TFieldValues> | Promise<...>' is not assignable to type 'ResolverResult<{ type: "hr" | "staff" | "gm" | "department"; title: string; body: string; category: string; priority: string; is_pinned: boolean; department?: string | undefined; target_staff_id?: string | undefined; }, { ...; }> | Promise<...>'.
          Type 'ResolverSuccess<TFieldValues>' is not assignable to type 'ResolverResult<{ type: "hr" | "staff" | "gm" | "department"; title: string; body: string; category: string; priority: string; is_pinned: boolean; department?: string | undefined; target_staff_id?: string | undefined; }, { ...; }> | Promise<...>'.
            Type 'ResolverSuccess<TFieldValues>' is not assignable to type 'ResolverSuccess<{ type: "hr" | "staff" | "gm" | "department"; title: string; body: string; category: string; priority: string; is_pinned: boolean; department?: string | undefined; target_staff_id?: string | undefined; }>'.
              Type 'TFieldValues' is not assignable to type '{ type: "hr" | "staff" | "gm" | "department"; title: string; body: string; category: string; priority: string; is_pinned: boolean; department?: string | undefined; target_staff_id?: string | undefined; }'.
                Type 'FieldValues' is missing the following properties from type '{ type: "hr" | "staff" | "gm" | "department"; title: string; body: string; category: string; priority: string; is_pinned: boolean; department?: string | undefined; target_staff_id?: string | undefined; }': type, title, body, category, and 2 more.
src/routes/announcements/new.tsx(339,17): error TS2322: Type 'Control<{ type: "hr" | "staff" | "gm" | "department"; title: string; body: string; category: string; priority: string; is_pinned: boolean; department?: string | undefined; target_staff_id?: string | undefined; }, any, TFieldValues>' is not assignable to type 'Control<{ type: "hr" | "staff" | "gm" | "department"; title: string; body: string; category: string; priority: string; is_pinned: boolean; department?: string | undefined; target_staff_id?: string | undefined; }, any, { ...; }>'.
  The types of '_options.resolver' are incompatible between these types.
    Type 'Resolver<{ type: "hr" | "staff" | "gm" | "department"; title: string; body: string; category: string; priority: string; is_pinned: boolean; department?: string | undefined; target_staff_id?: string | undefined; }, any, TFieldValues> | undefined' is not assignable to type 'Resolver<{ type: "hr" | "staff" | "gm" | "department"; title: string; body: string; category: string; priority: string; is_pinned: boolean; department?: string | undefined; target_staff_id?: string | undefined; }, any, { ...; }> | undefined'.
      Type 'Resolver<{ type: "hr" | "staff" | "gm" | "department"; title: string; body: string; category: string; priority: string; is_pinned: boolean; department?: string | undefined; target_staff_id?: string | undefined; }, any, TFieldValues>' is not assignable to type 'Resolver<{ type: "hr" | "staff" | "gm" | "department"; title: string; body: string; category: string; priority: string; is_pinned: boolean; department?: string | undefined; target_staff_id?: string | undefined; }, any, { ...; }>'.
        Type 'ResolverResult<{ type: "hr" | "staff" | "gm" | "department"; title: string; body: string; category: string; priority: string; is_pinned: boolean; department?: string | undefined; target_staff_id?: string | undefined; }, TFieldValues> | Promise<...>' is not assignable to type 'ResolverResult<{ type: "hr" | "staff" | "gm" | "department"; title: string; body: string; category: string; priority: string; is_pinned: boolean; department?: string | undefined; target_staff_id?: string | undefined; }, { ...; }> | Promise<...>'.
          Type 'ResolverSuccess<TFieldValues>' is not assignable to type 'ResolverResult<{ type: "hr" | "staff" | "gm" | "department"; title: string; body: string; category: string; priority: string; is_pinned: boolean; department?: string | undefined; target_staff_id?: string | undefined; }, { ...; }> | Promise<...>'.
            Type 'ResolverSuccess<TFieldValues>' is not assignable to type 'ResolverSuccess<{ type: "hr" | "staff" | "gm" | "department"; title: string; body: string; category: string; priority: string; is_pinned: boolean; department?: string | undefined; target_staff_id?: string | undefined; }>'.
              Type 'TFieldValues' is not assignable to type '{ type: "hr" | "staff" | "gm" | "department"; title: string; body: string; category: string; priority: string; is_pinned: boolean; department?: string | undefined; target_staff_id?: string | undefined; }'.
                Type 'FieldValues' is missing the following properties from type '{ type: "hr" | "staff" | "gm" | "department"; title: string; body: string; category: string; priority: string; is_pinned: boolean; department?: string | undefined; target_staff_id?: string | undefined; }': type, title, body, category, and 2 more.
src/routes/announcements/new.tsx(365,15): error TS2322: Type 'Control<{ type: "hr" | "staff" | "gm" | "department"; title: string; body: string; category: string; priority: string; is_pinned: boolean; department?: string | undefined; target_staff_id?: string | undefined; }, any, TFieldValues>' is not assignable to type 'Control<{ type: "hr" | "staff" | "gm" | "department"; title: string; body: string; category: string; priority: string; is_pinned: boolean; department?: string | undefined; target_staff_id?: string | undefined; }, any, { ...; }>'.
  The types of '_options.resolver' are incompatible between these types.
    Type 'Resolver<{ type: "hr" | "staff" | "gm" | "department"; title: string; body: string; category: string; priority: string; is_pinned: boolean; department?: string | undefined; target_staff_id?: string | undefined; }, any, TFieldValues> | undefined' is not assignable to type 'Resolver<{ type: "hr" | "staff" | "gm" | "department"; title: string; body: string; category: string; priority: string; is_pinned: boolean; department?: string | undefined; target_staff_id?: string | undefined; }, any, { ...; }> | undefined'.
      Type 'Resolver<{ type: "hr" | "staff" | "gm" | "department"; title: string; body: string; category: string; priority: string; is_pinned: boolean; department?: string | undefined; target_staff_id?: string | undefined; }, any, TFieldValues>' is not assignable to type 'Resolver<{ type: "hr" | "staff" | "gm" | "department"; title: string; body: string; category: string; priority: string; is_pinned: boolean; department?: string | undefined; target_staff_id?: string | undefined; }, any, { ...; }>'.
        Type 'ResolverResult<{ type: "hr" | "staff" | "gm" | "department"; title: string; body: string; category: string; priority: string; is_pinned: boolean; department?: string | undefined; target_staff_id?: string | undefined; }, TFieldValues> | Promise<...>' is not assignable to type 'ResolverResult<{ type: "hr" | "staff" | "gm" | "department"; title: string; body: string; category: string; priority: string; is_pinned: boolean; department?: string | undefined; target_staff_id?: string | undefined; }, { ...; }> | Promise<...>'.
          Type 'ResolverSuccess<TFieldValues>' is not assignable to type 'ResolverResult<{ type: "hr" | "staff" | "gm" | "department"; title: string; body: string; category: string; priority: string; is_pinned: boolean; department?: string | undefined; target_staff_id?: string | undefined; }, { ...; }> | Promise<...>'.
            Type 'ResolverSuccess<TFieldValues>' is not assignable to type 'ResolverSuccess<{ type: "hr" | "staff" | "gm" | "department"; title: string; body: string; category: string; priority: string; is_pinned: boolean; department?: string | undefined; target_staff_id?: string | undefined; }>'.
              Type 'TFieldValues' is not assignable to type '{ type: "hr" | "staff" | "gm" | "department"; title: string; body: string; category: string; priority: string; is_pinned: boolean; department?: string | undefined; target_staff_id?: string | undefined; }'.
                Type 'FieldValues' is missing the following properties from type '{ type: "hr" | "staff" | "gm" | "department"; title: string; body: string; category: string; priority: string; is_pinned: boolean; department?: string | undefined; target_staff_id?: string | undefined; }': type, title, body, category, and 2 more.
